../Core/Src/main.c:74:7:si5351_set_frequency	104	static
../Core/Src/main.c:136:6:uint32_to_str	40	static
../Core/Src/main.c:160:10:array_to_uint32_t	32	static
../Core/Src/main.c:168:10:get_encoder	4	static
../Core/Src/main.c:172:6:set_encoder	16	static
../Core/Src/main.c:176:6:print_interface_mode0	32	static
../Core/Src/main.c:200:6:print_interface_mode1	48	static
../Core/Src/main.c:233:6:int_mode_0	16	static
../Core/Src/main.c:262:6:increase_left	16	static
../Core/Src/main.c:273:6:decrease_left	16	static
../Core/Src/main.c:286:6:min_freq	4	static
../Core/Src/main.c:296:6:max_freq	4	static
../Core/Src/main.c:306:6:int_mode_1	16	static
../Core/Src/main.c:390:5:main	8	static
../Core/Src/main.c:527:6:SystemClock_Config	72	static
../Core/Src/main.c:567:13:MX_I2C1_Init	8	static
../Core/Src/main.c:601:13:MX_I2C2_Init	8	static
../Core/Src/main.c:635:13:MX_TIM1_Init	56	static
../Core/Src/main.c:685:13:MX_GPIO_Init	40	static
../Core/Src/main.c:716:6:Error_Handler	4	static,ignoring_inline_asm
../Core/Src/main.c:735:6:assert_failed	16	static
